<!DOCTYPE html>
<html lang="en">
<head>
<title>Testing HTML file generator</title>
</head>
<body></body>
</html>