{
    if ($var === true) {
        return 1;
    } else {
        return 0;
    }
}